[2025-10-02 01:54:46] local.ERROR: Please provide a valid cache path. {"exception":"[object] (InvalidArgumentException(code: 0): Please provide a valid cache path. at C:\\Users\\Andres\\Desktop\\github\\posfeqq\\vendor\\laravel\\framework\\src\\Illuminate\\View\\Compilers\\Compiler.php:36)
[stacktrace]
#0 C:\\Users\\Andres\\Desktop\\github\\posfeqq\\vendor\\laravel\\framework\\src\\Illuminate\\View\\ViewServiceProvider.php(141): Illuminate\\View\\Compilers\\Compiler->__construct(Object(Illuminate\\Filesystem\\Filesystem), false)
#1 C:\\Users\\Andres\\Desktop\\github\\posfeqq\\vendor\\laravel\\framework\\src\\Illuminate\\Container\\Container.php(785): Illuminate\\View\\ViewServiceProvider->Illuminate\\View\\{closure}(Object(Illuminate\\Foundation\\Application), Array)
#2 C:\\Users\\Andres\\Desktop\\github\\posfeqq\\vendor\\laravel\\framework\\src\\Illuminate\\Container\\Container.php(667): Illuminate\\Container\\Container->build(Object(Closure))
#3 C:\\Users\\Andres\\Desktop\\github\\posfeqq\\vendor\\laravel\\framework\\src\\Illuminate\\Container\\Container.php(615): Illuminate\\Container\\Container->resolve('blade.compiler', Array)
#4 C:\\Users\\Andres\\Desktop\\github\\posfeqq\\vendor\\laravel\\framework\\src\\Illuminate\\Foundation\\Application.php(767): Illuminate\\Container\\Container->make('blade.compiler', Array)
#5 C:\\Users\\Andres\\Desktop\\github\\posfeqq\\vendor\\laravel\\framework\\src\\Illuminate\\Container\\Container.php(1227): Illuminate\\Foundation\\Application->make('blade.compiler')
#6 C:\\Users\\Andres\\Desktop\\github\\posfeqq\\vendor\\laravel\\framework\\src\\Illuminate\\Support\\Facades\\Facade.php(176): Illuminate\\Container\\Container->offsetGet('blade.compiler')
#7 C:\\Users\\Andres\\Desktop\\github\\posfeqq\\vendor\\laravel\\framework\\src\\Illuminate\\Support\\Facades\\Facade.php(144): Illuminate\\Support\\Facades\\Facade::resolveFacadeInstance('blade.compiler')
#8 C:\\Users\\Andres\\Desktop\\github\\posfeqq\\vendor\\laravel\\framework\\src\\Illuminate\\Support\\Facades\\Facade.php(233): Illuminate\\Support\\Facades\\Facade::getFacadeRoot()
#9 C:\\Users\\Andres\\Desktop\\github\\posfeqq\\app\\Providers\\AppServiceProvider.php(44): Illuminate\\Support\\Facades\\Facade::__callStatic('withoutDoubleEn...', Array)
#10 [internal function]: App\\Providers\\AppServiceProvider->boot()
#11 C:\\Users\\Andres\\Desktop\\github\\posfeqq\\vendor\\laravel\\framework\\src\\Illuminate\\Container\\BoundMethod.php(32): call_user_func_array(Array, Array)
#12 C:\\Users\\Andres\\Desktop\\github\\posfeqq\\vendor\\laravel\\framework\\src\\Illuminate\\Container\\BoundMethod.php(90): Illuminate\\Container\\BoundMethod::Illuminate\\Container\\{closure}()
#13 C:\\Users\\Andres\\Desktop\\github\\posfeqq\\vendor\\laravel\\framework\\src\\Illuminate\\Container\\BoundMethod.php(34): Illuminate\\Container\\BoundMethod::callBoundMethod(Object(Illuminate\\Foundation\\Application), Array, Object(Closure))
#14 C:\\Users\\Andres\\Desktop\\github\\posfeqq\\vendor\\laravel\\framework\\src\\Illuminate\\Container\\Container.php(576): Illuminate\\Container\\BoundMethod::call(Object(Illuminate\\Foundation\\Application), Array, Array, NULL)
#15 C:\\Users\\Andres\\Desktop\\github\\posfeqq\\vendor\\laravel\\framework\\src\\Illuminate\\Foundation\\Application.php(827): Illuminate\\Container\\Container->call(Array)
#16 C:\\Users\\Andres\\Desktop\\github\\posfeqq\\vendor\\laravel\\framework\\src\\Illuminate\\Foundation\\Application.php(810): Illuminate\\Foundation\\Application->bootProvider(Object(App\\Providers\\AppServiceProvider))
#17 [internal function]: Illuminate\\Foundation\\Application->Illuminate\\Foundation\\{closure}(Object(App\\Providers\\AppServiceProvider), 39)
#18 C:\\Users\\Andres\\Desktop\\github\\posfeqq\\vendor\\laravel\\framework\\src\\Illuminate\\Foundation\\Application.php(811): array_walk(Array, Object(Closure))
#19 C:\\Users\\Andres\\Desktop\\github\\posfeqq\\vendor\\laravel\\framework\\src\\Illuminate\\Foundation\\Bootstrap\\BootProviders.php(17): Illuminate\\Foundation\\Application->boot()
#20 C:\\Users\\Andres\\Desktop\\github\\posfeqq\\vendor\\laravel\\framework\\src\\Illuminate\\Foundation\\Application.php(210): Illuminate\\Foundation\\Bootstrap\\BootProviders->bootstrap(Object(Illuminate\\Foundation\\Application))
#21 C:\\Users\\Andres\\Desktop\\github\\posfeqq\\vendor\\laravel\\framework\\src\\Illuminate\\Foundation\\Console\\Kernel.php(322): Illuminate\\Foundation\\Application->bootstrapWith(Array)
#22 C:\\Users\\Andres\\Desktop\\github\\posfeqq\\vendor\\laravel\\framework\\src\\Illuminate\\Foundation\\Console\\Kernel.php(131): Illuminate\\Foundation\\Console\\Kernel->bootstrap()
#23 C:\\Users\\Andres\\Desktop\\github\\posfeqq\\artisan(35): Illuminate\\Foundation\\Console\\Kernel->handle(Object(Symfony\\Component\\Console\\Input\\ArgvInput), Object(Symfony\\Component\\Console\\Output\\ConsoleOutput))
#24 {main}
"} 
